// Jest Snapshot v1, https://goo.gl/fbAQLP

exports[`ProtectedRoute snapshot 1`] = `
<MemoryRouter>
  <Router
    history={
      Object {
        "action": "POP",
        "block": [Function],
        "canGo": [Function],
        "createHref": [Function],
        "entries": Array [
          Object {
            "hash": "",
            "key": "rb4yhe",
            "pathname": "/",
            "search": "",
            "state": undefined,
          },
        ],
        "go": [Function],
        "goBack": [Function],
        "goForward": [Function],
        "index": 0,
        "length": 1,
        "listen": [Function],
        "location": Object {
          "hash": "",
          "key": "rt278c",
          "pathname": "/",
          "search": "",
          "state": undefined,
        },
        "push": [Function],
        "replace": [Function],
      }
    }
  >
    <ProtectedRoute
      component={[Function]}
      path="/"
      validatingSession={false}
    >
      <Route
        path="/"
        render={[Function]}
      >
        <TestComponent>
          <div>
            some component
          </div>
        </TestComponent>
      </Route>
    </ProtectedRoute>
  </Router>
</MemoryRouter>
`;
